// Vitest Snapshot v1, https://vitest.dev/guide/snapshot.html

exports[`decodeFrame > matches the golden geometry (locks decoder + projection) 1`] = `
[
  {
    "color": "#9e849a",
    "shapes": [
      [
        Float32Array [
          46.59613037109375,
          7.569136142730713,
          46.60060501098633,
          7.582179546356201,
        ],
      ],
    ],
  },
]
`;
